[    0.000000] Initializing cgroup subsys cpuset
[    0.000000] Initializing cgroup subsys cpu
[    0.000000] Initializing cgroup subsys cpuacct
[    0.000000] Linux version 3.11.0-26-generic (buildd@komainu) (gcc version 4.6.3 (Ubuntu/Linaro 4.6.3-1ubuntu5) ) #45~precise1-Ubuntu SMP Tue Jul 15 04:02:35 UTC 2014 (Ubuntu 3.11.0-26.45~precise1-generic 3.11.10.12)
[    0.000000] Command line: BOOT_IMAGE=/boot/vmlinuz-3.11.0-26-generic root=UUID=7fadc3b8-5e6c-4d35-a1b8-46cc0c62d190 ro quiet splash vt.handoff=7
[    0.000000] KERNEL supported cpus:
[    0.000000]   Intel GenuineIntel
[    0.000000]   AMD AuthenticAMD
[    0.000000]   Centaur CentaurHauls
[    0.000000] e820: BIOS-provided physical RAM map:
[    0.000000] BIOS-e820: [mem 0x0000000000000000-0x0000000000091bff] usable
[    0.000000] BIOS-e820: [mem 0x0000000000091c00-0x000000000009ffff] reserved
[    0.000000] BIOS-e820: [mem 0x00000000000e0000-0x00000000000fffff] reserved
[    0.000000] BIOS-e820: [mem 0x0000000000100000-0x000000001fffffff] usable
[    0.000000] BIOS-e820: [mem 0x0000000020000000-0x00000000201fffff] reserved
[    0.000000] BIOS-e820: [mem 0x0000000020200000-0x000000003fffffff] usable
[    0.000000] BIOS-e820: [mem 0x0000000040000000-0x00000000401fffff] reserved
[    0.000000] BIOS-e820: [mem 0x0000000040200000-0x000000009a7befff] usable
[    0.000000] BIOS-e820: [mem 0x000000009a7bf000-0x000000009aebefff] reserved
[    0.000000] BIOS-e820: [mem 0x000000009aebf000-0x000000009afbefff] ACPI NVS
[    0.000000] BIOS-e820: [mem 0x000000009afbf000-0x000000009affefff] ACPI data
[    0.000000] BIOS-e820: [mem 0x000000009afff000-0x000000009affffff] usable
[    0.000000] BIOS-e820: [mem 0x000000009b000000-0x000000009f9fffff] reserved
[    0.000000] BIOS-e820: [mem 0x00000000e0000000-0x00000000efffffff] reserved
[    0.000000] BIOS-e820: [mem 0x00000000feb00000-0x00000000feb03fff] reserved
[    0.000000] BIOS-e820: [mem 0x00000000fec00000-0x00000000fec00fff] reserved
[    0.000000] BIOS-e820: [mem 0x00000000fed10000-0x00000000fed19fff] reserved
[    0.000000] BIOS-e820: [mem 0x00000000fed1c000-0x00000000fed1ffff] reserved
[    0.000000] BIOS-e820: [mem 0x00000000fee00000-0x00000000fee00fff] reserved
[    0.000000] BIOS-e820: [mem 0x00000000ffb80000-0x00000000ffffffff] reserved
[    0.000000] BIOS-e820: [mem 0x0000000100000000-0x00000001df5fffff] usable
[    0.000000] NX (Execute Disable) protection: active
[    0.000000] SMBIOS 2.7 present.
[    0.000000] DMI: Hewlett-Packard HP Pavilion dv6 Notebook PC/181B, BIOS F.06 03/01/2012
[    0.000000] e820: update [mem 0x00000000-0x00000fff] usable ==> reserved
[    0.000000] e820: remove [mem 0x000a0000-0x000fffff] usable
[    0.000000] No AGP bridge found
[    0.000000] e820: last_pfn = 0x1df600 max_arch_pfn = 0x400000000
[    0.000000] MTRR default type: uncachable
[    0.000000] MTRR fixed ranges enabled:
[    0.000000]   00000-9FFFF write-back
[    0.000000]   A0000-BFFFF uncachable
[    0.000000]   C0000-E7FFF write-protect
[    0.000000]   E8000-EFFFF write-combining
[    0.000000]   F0000-FFFFF write-protect
[    0.000000] MTRR variable ranges enabled:
[    0.000000]   0 base 000000000 mask F80000000 write-back
[    0.000000]   1 base 080000000 mask FE0000000 write-back
[    0.000000]   2 base 09B000000 mask FFF000000 uncachable
[    0.000000]   3 base 09C000000 mask FFC000000 uncachable
[    0.000000]   4 base 0FF800000 mask FFF800000 write-protect
[    0.000000]   5 base 100000000 mask F00000000 write-back
[    0.000000]   6 base 1DF600000 mask FFFE00000 uncachable
[    0.000000]   7 base 1DF800000 mask FFF800000 uncachable
[    0.000000]   8 base 1E0000000 mask FE0000000 uncachable
[    0.000000]   9 disabled
[    0.000000] x86 PAT enabled: cpu 0, old 0x7040600070406, new 0x7010600070106
[    0.000000] e820: last_pfn = 0x9b000 max_arch_pfn = 0x400000000
[    0.000000] found SMP MP-table at [mem 0x000fe1b0-0x000fe1bf] mapped at [ffff8800000fe1b0]
[    0.000000] Scanning 1 areas for low memory corruption
[    0.000000] Base memory trampoline at [ffff88000008b000] 8b000 size 24576
[    0.000000] reserving inaccessible SNB gfx pages
[    0.000000] init_memory_mapping: [mem 0x00000000-0x000fffff]
[    0.000000]  [mem 0x00000000-0x000fffff] page 4k
[    0.000000] BRK [0x01fda000, 0x01fdafff] PGTABLE
[    0.000000] BRK [0x01fdb000, 0x01fdbfff] PGTABLE
[    0.000000] BRK [0x01fdc000, 0x01fdcfff] PGTABLE
[    0.000000] init_memory_mapping: [mem 0x1df400000-0x1df5fffff]
[    0.000000]  [mem 0x1df400000-0x1df5fffff] page 2M
[    0.000000] BRK [0x01fdd000, 0x01fddfff] PGTABLE
[    0.000000] init_memory_mapping: [mem 0x1dc000000-0x1df3fffff]
[    0.000000]  [mem 0x1dc000000-0x1df3fffff] page 2M
[    0.000000] init_memory_mapping: [mem 0x180000000-0x1dbffffff]
[    0.000000]  [mem 0x180000000-0x1dbffffff] page 2M
[    0.000000] BRK [0x01fde000, 0x01fdefff] PGTABLE
[    0.000000] init_memory_mapping: [mem 0x00100000-0x1fffffff]
[    0.000000]  [mem 0x00100000-0x001fffff] page 4k
[    0.000000]  [mem 0x00200000-0x1fffffff] page 2M
[    0.000000] init_memory_mapping: [mem 0x20200000-0x3fffffff]
[    0.000000]  [mem 0x20200000-0x3fffffff] page 2M
[    0.000000] init_memory_mapping: [mem 0x40200000-0x9a7befff]
[    0.000000]  [mem 0x40200000-0x9a5fffff] page 2M
[    0.000000]  [mem 0x9a600000-0x9a7befff] page 4k
[    0.000000] BRK [0x01fdf000, 0x01fdffff] PGTABLE
[    0.000000] init_memory_mapping: [mem 0x9afff000-0x9affffff]
[    0.000000]  [mem 0x9afff000-0x9affffff] page 4k
[    0.000000] init_memory_mapping: [mem 0x100000000-0x17fffffff]
[    0.000000]  [mem 0x100000000-0x17fffffff] page 2M
[    0.000000] RAMDISK: [mem 0x35eaa000-0x36f4cfff]
[    0.000000] ACPI: RSDP 00000000000fe020 00024 (v02 HPQOEM)
[    0.000000] ACPI: XSDT 000000009affe210 0009C (v01 HPQOEM SLIC-MPC 00000001      01000013)
[    0.000000] ACPI: FACP 000000009affb000 000F4 (v04 HPQOEM SLIC-MPC 00000001 HP   00040000)
[    0.000000] ACPI: DSDT 000000009afe5000 12489 (v01 HPQOEM 181B     00000000 ACPI 00040000)
[    0.000000] ACPI: FACS 000000009afb9000 00040
[    0.000000] ACPI: UEFI 000000009affd000 00236 (v01 HPQOEM 181B     00000001 HP   00040000)
[    0.000000] ACPI: ASF! 000000009affc000 000A5 (v32 HPQOEM 181B     00000001 HP   00040000)
[    0.000000] ACPI: HPET 000000009affa000 00038 (v01 HPQOEM 181B     00000001 HP   00040000)
[    0.000000] ACPI: APIC 000000009aff9000 0008C (v02 HPQOEM 181B     00000001 HP   00040000)
[    0.000000] ACPI: MCFG 000000009aff8000 0003C (v01 HPQOEM 181B     00000001 HP   00040000)
[    0.000000] ACPI: SLIC 000000009afe4000 00176 (v01 HPQOEM SLIC-MPC 00000001 HP   00040000)
[    0.000000] ACPI: WDAT 000000009afe3000 00224 (v01 HPQOEM 181B     00000001 HP   00040000)
[    0.000000] ACPI: SSDT 000000009afe1000 01068 (v01 HPQOEM 181B     00001000 ACPI 00040000)
[    0.000000] ACPI: BOOT 000000009afdf000 00028 (v01 HPQOEM 181B     00000001 HP   00040000)
[    0.000000] ACPI: ASPT 000000009afdb000 00034 (v07 HPQOEM 181B     00000001 HP   00040000)
[    0.000000] ACPI: FPDT 000000009afd9000 00044 (v01 HPQOEM 181B     00000001 HP   00040000)
[    0.000000] ACPI: SSDT 000000009afd8000 009AA (v01 HPQOEM 181B     00003000 ACPI 00040000)
[    0.000000] ACPI: SSDT 000000009afd7000 00A92 (v01 HPQOEM 181B     00003000 ACPI 00040000)
[    0.000000] ACPI: SSDT 000000009afd4000 02E92 (v01 HPQOEM 181B     00001000 ACPI 00040000)
[    0.000000] ACPI: Local APIC address 0xfee00000
[    0.000000] No NUMA configuration found
[    0.000000] Faking a node at [mem 0x0000000000000000-0x00000001df5fffff]
[    0.000000] Initmem setup node 0 [mem 0x00000000-0x1df5fffff]
[    0.000000]   NODE_DATA [mem 0x1df5f6000-0x1df5fafff]
[    0.000000]  [ffffea0000000000-ffffea00077fffff] PMD -> [ffff8801d8c00000-ffff8801debfffff] on node 0
[    0.000000] Zone ranges:
[    0.000000]   DMA      [mem 0x00001000-0x00ffffff]
[    0.000000]   DMA32    [mem 0x01000000-0xffffffff]
[    0.000000]   Normal   [mem 0x100000000-0x1df5fffff]
[    0.000000] Movable zone start for each node
[    0.000000] Early memory node ranges
[    0.000000]   node   0: [mem 0x00001000-0x00090fff]
[    0.000000]   node   0: [mem 0x00100000-0x1fffffff]
[    0.000000]   node   0: [mem 0x20200000-0x3fffffff]
[    0.000000]   node   0: [mem 0x40200000-0x9a7befff]
[    0.000000]   node   0: [mem 0x9afff000-0x9affffff]
[    0.000000]   node   0: [mem 0x100000000-0x1df5fffff]
[    0.000000] On node 0 totalpages: 1546576
[    0.000000]   DMA zone: 64 pages used for memmap
[    0.000000]   DMA zone: 144 pages reserved
[    0.000000]   DMA zone: 3984 pages, LIFO batch:0
[    0.000000]   DMA32 zone: 9807 pages used for memmap
[    0.000000]   DMA32 zone: 627648 pages, LIFO batch:31
[    0.000000]   Normal zone: 14296 pages used for memmap
[    0.000000]   Normal zone: 914944 pages, LIFO batch:31
[    0.000000] ACPI: PM-Timer IO Port: 0x408
[    0.000000] ACPI: Local APIC address 0xfee00000
[    0.000000] ACPI: LAPIC (acpi_id[0x01] lapic_id[0x00] enabled)
[    0.000000] ACPI: LAPIC (acpi_id[0x02] lapic_id[0x01] enabled)
[    0.000000] ACPI: LAPIC (acpi_id[0x03] lapic_id[0x02] enabled)
[    0.000000] ACPI: LAPIC (acpi_id[0x04] lapic_id[0x03] enabled)
[    0.000000] ACPI: LAPIC (acpi_id[0x05] lapic_id[0x00] disabled)
[    0.000000] ACPI: LAPIC (acpi_id[0x06] lapic_id[0x00] disabled)
[    0.000000] ACPI: LAPIC (acpi_id[0x07] lapic_id[0x00] disabled)
[    0.000000] ACPI: LAPIC (acpi_id[0x08] lapic_id[0x00] disabled)
[    0.000000] ACPI: IOAPIC (id[0x00] address[0xfec00000] gsi_base[0])
[    0.000000] IOAPIC[0]: apic_id 0, version 32, address 0xfec00000, GSI 0-23
[    0.000000] ACPI: INT_SRC_OVR (bus 0 bus_irq 0 global_irq 2 dfl dfl)
[    0.000000] ACPI: INT_SRC_OVR (bus 0 bus_irq 9 global_irq 9 high level)
[    0.000000] ACPI: IRQ0 used by override.
[    0.000000] ACPI: IRQ2 used by override.
[    0.000000] ACPI: IRQ9 used by override.
[    0.000000] Using ACPI (MADT) for SMP configuration information
[    0.000000] ACPI: HPET id: 0x8086a201 base: 0xfed00000
[    0.000000] smpboot: Allowing 8 CPUs, 4 hotplug CPUs
[    0.000000] nr_irqs_gsi: 40
[    0.000000] PM: Registered nosave memory: [mem 0x00091000-0x00091fff]
[    0.000000] PM: Registered nosave memory: [mem 0x00092000-0x0009ffff]
[    0.000000] PM: Registered nosave memory: [mem 0x000a0000-0x000dffff]
[    0.000000] PM: Registered nosave memory: [mem 0x000e0000-0x000fffff]
[    0.000000] PM: Registered nosave memory: [mem 0x20000000-0x201fffff]
[    0.000000] PM: Registered nosave memory: [mem 0x40000000-0x401fffff]
[    0.000000] PM: Registered nosave memory: [mem 0x9a7bf000-0x9aebefff]
[    0.000000] PM: Registered nosave memory: [mem 0x9aebf000-0x9afbefff]
[    0.000000] PM: Registered nosave memory: [mem 0x9afbf000-0x9affefff]
[    0.000000] PM: Registered nosave memory: [mem 0x9b000000-0x9f9fffff]
[    0.000000] PM: Registered nosave memory: [mem 0x9fa00000-0xdfffffff]
[    0.000000] PM: Registered nosave memory: [mem 0xe0000000-0xefffffff]
[    0.000000] PM: Registered nosave memory: [mem 0xf0000000-0xfeafffff]
[    0.000000] PM: Registered nosave memory: [mem 0xfeb00000-0xfeb03fff]
[    0.000000] PM: Registered nosave memory: [mem 0xfeb04000-0xfebfffff]
[    0.000000] PM: Registered nosave memory: [mem 0xfec00000-0xfec00fff]
[    0.000000] PM: Registered nosave memory: [mem 0xfec01000-0xfed0ffff]
[    0.000000] PM: Registered nosave memory: [mem 0xfed10000-0xfed19fff]
[    0.000000] PM: Registered nosave memory: [mem 0xfed1a000-0xfed1bfff]
[    0.000000] PM: Registered nosave memory: [mem 0xfed1c000-0xfed1ffff]
[    0.000000] PM: Registered nosave memory: [mem 0xfed20000-0xfedfffff]
[    0.000000] PM: Registered nosave memory: [mem 0xfee00000-0xfee00fff]
[    0.000000] PM: Registered nosave memory: [mem 0xfee01000-0xffb7ffff]
[    0.000000] PM: Registered nosave memory: [mem 0xffb80000-0xffffffff]
[    0.000000] e820: [mem 0x9fa00000-0xdfffffff] available for PCI devices
[    0.000000] Booting paravirtualized kernel on bare hardware
[    0.000000] setup_percpu: NR_CPUS:256 nr_cpumask_bits:256 nr_cpu_ids:8 nr_node_ids:1
[    0.000000] PERCPU: Embedded 29 pages/cpu @ffff8801df200000 s86720 r8192 d23872 u262144
[    0.000000] pcpu-alloc: s86720 r8192 d23872 u262144 alloc=1*2097152
[    0.000000] pcpu-alloc: [0] 0 1 2 3 4 5 6 7 
[    0.000000] Built 1 zonelists in Zone order, mobility grouping on.  Total pages: 1522265
[    0.000000] Policy zone: Normal
[    0.000000] Kernel command line: BOOT_IMAGE=/boot/vmlinuz-3.11.0-26-generic root=UUID=7fadc3b8-5e6c-4d35-a1b8-46cc0c62d190 ro quiet splash vt.handoff=7
[    0.000000] PID hash table entries: 4096 (order: 3, 32768 bytes)
[    0.000000] xsave: enabled xstate_bv 0x7, cntxt size 0x340
[    0.000000] Checking aperture...
[    0.000000] No AGP bridge found
[    0.000000] Calgary: detecting Calgary via BIOS EBDA area
[    0.000000] Calgary: Unable to locate Rio Grande table in EBDA - bailing!
[    0.000000] Memory: 5986860K/6186304K available (7520K kernel code, 1081K rwdata, 4076K rodata, 1392K init, 1428K bss, 199444K reserved)
[    0.000000] SLUB: HWalign=64, Order=0-3, MinObjects=0, CPUs=8, Nodes=1
[    0.000000] Hierarchical RCU implementation.
[    0.000000] 	RCU dyntick-idle grace-period acceleration is enabled.
[    0.000000] 	RCU restricting CPUs from NR_CPUS=256 to nr_cpu_ids=8.
[    0.000000] 	Offload RCU callbacks from all CPUs
[    0.000000] 	Offload RCU callbacks from CPUs: 0-255.
[    0.000000] NR_IRQS:16640 nr_irqs:744 16
[    0.000000] Console: colour dummy device 80x25
[    0.000000] console [tty0] enabled
[    0.000000] allocated 25165824 bytes of page_cgroup
[    0.000000] please try 'cgroup_disable=memory' option if you don't want memory cgroups
[    0.000000] hpet clockevent registered
[    0.000000] tsc: Fast TSC calibration using PIT
[    0.004000] tsc: Detected 2494.219 MHz processor
[    0.000002] Calibrating delay loop (skipped), value calculated using timer frequency.. 4988.43 BogoMIPS (lpj=9976876)
[    0.000004] pid_max: default: 32768 minimum: 301
[    0.000022] Security Framework initialized
[    0.000035] AppArmor: AppArmor initialized
[    0.000036] Yama: becoming mindful.
[    0.000466] Dentry cache hash table entries: 1048576 (order: 11, 8388608 bytes)
[    0.001850] Inode-cache hash table entries: 524288 (order: 10, 4194304 bytes)
[    0.002433] Mount-cache hash table entries: 256
[    0.002575] Initializing cgroup subsys memory
[    0.002582] Initializing cgroup subsys devices
[    0.002583] Initializing cgroup subsys freezer
[    0.002584] Initializing cgroup subsys blkio
[    0.002586] Initializing cgroup subsys perf_event
[    0.002587] Initializing cgroup subsys hugetlb
[    0.002604] CPU: Physical Processor ID: 0
[    0.002605] CPU: Processor Core ID: 0
[    0.002609] ENERGY_PERF_BIAS: Set to 'normal', was 'performance'
[    0.002609] ENERGY_PERF_BIAS: View and update with x86_energy_perf_policy(8)
[    0.002611] mce: CPU supports 7 MCE banks
[    0.002621] CPU0: Thermal monitoring enabled (TM1)
[    0.002628] Last level iTLB entries: 4KB 512, 2MB 0, 4MB 0
[    0.002628] Last level dTLB entries: 4KB 512, 2MB 32, 4MB 32
[    0.002628] tlb_flushall_shift: 5
[    0.002720] Freeing SMP alternatives memory: 28K (ffffffff81e6c000 - ffffffff81e73000)
[    0.004899] ACPI: Core revision 20130517
[    0.011121] ACPI: All ACPI Tables successfully acquired
[    0.053677] ftrace: allocating 31320 entries in 123 pages
[    0.069086] ..TIMER: vector=0x30 apic1=0 pin1=2 apic2=-1 pin2=-1
[    0.108819] smpboot: CPU0: Intel(R) Core(TM) i5-2450M CPU @ 2.50GHz (fam: 06, model: 2a, stepping: 07)
[    0.108827] TSC deadline timer enabled
[    0.108838] Performance Events: PEBS fmt1+, 16-deep LBR, SandyBridge events, full-width counters, Intel PMU driver.
[    0.108844] perf_event_intel: PEBS disabled due to CPU errata, please upgrade microcode
[    0.108846] ... version:                3
[    0.108847] ... bit width:              48
[    0.108848] ... generic registers:      4
[    0.108850] ... value mask:             0000ffffffffffff
[    0.108851] ... max period:             0000ffffffffffff
[    0.108852] ... fixed-purpose events:   3
[    0.108853] ... event mask:             000000070000000f
[    0.123511] NMI watchdog: enabled on all CPUs, permanently consumes one hw-PMU counter.
[    0.110377] smpboot: Booting Node   0, Processors  #1 #2 #3
[    0.149995] Brought up 4 CPUs
[    0.149999] smpboot: Total of 4 processors activated (19953.75 BogoMIPS)
[    0.153332] devtmpfs: initialized
[    0.154253] EVM: security.selinux
[    0.154255] EVM: security.SMACK64
[    0.154256] EVM: security.capability
[    0.154302] PM: Registering ACPI NVS region [mem 0x9aebf000-0x9afbefff] (1048576 bytes)
[    0.155115] regulator-dummy: no parameters
[    0.155145] RTC time: 10:24:29, date: 10/10/14
[    0.155177] NET: Registered protocol family 16
[    0.155301] ACPI FADT declares the system doesn't support PCIe ASPM, so disable it
[    0.155303] ACPI: bus type PCI registered
[    0.155305] acpiphp: ACPI Hot Plug PCI Controller Driver version: 0.5
[    0.155359] PCI: MMCONFIG for domain 0000 [bus 00-ff] at [mem 0xe0000000-0xefffffff] (base 0xe0000000)
[    0.155361] PCI: MMCONFIG at [mem 0xe0000000-0xefffffff] reserved in E820
[    0.619274] PCI: Using configuration type 1 for base access
[    0.620165] bio: create slab <bio-0> at 0
[    0.620319] ACPI: Added _OSI(Module Device)
[    0.620321] ACPI: Added _OSI(Processor Device)
[    0.620323] ACPI: Added _OSI(3.0 _SCP Extensions)
[    0.620324] ACPI: Added _OSI(Processor Aggregator Device)
[    0.622063] ACPI: EC: Look up EC in DSDT
[    0.623807] ACPI: Executed 1 blocks of module-level executable AML code
[    0.641807] ACPI Error: No handler for Region [RAM_] (ffff8801d6093a20) [EmbeddedControl] (20130517/evregion-162)
[    0.641812] ACPI Error: Region EmbeddedControl (ID=3) has no handler (20130517/exfldio-305)
[    0.641816] ACPI Error: Method parse/execution failed [\_SB_.ACCL._STA] (Node ffff8801d609bde8), AE_NOT_EXIST (20130517/psparse-536)
[    0.641822] ACPI Error: Method execution failed [\_SB_.ACCL._STA] (Node ffff8801d609bde8), AE_NOT_EXIST (20130517/uteval-103)
[    0.642151] ACPI: SSDT 000000009ae1b018 0083B (v01  PmRef  Cpu0Cst 00003001 INTL 20100121)
[    0.642592] ACPI: Dynamic OEM Table Load:
[    0.642594] ACPI: SSDT           (null) 0083B (v01  PmRef  Cpu0Cst 00003001 INTL 20100121)
[    0.645583] ACPI: SSDT 000000009ae1ca98 00303 (v01  PmRef    ApIst 00003000 INTL 20100121)
[    0.646051] ACPI: Dynamic OEM Table Load:
[    0.646053] ACPI: SSDT           (null) 00303 (v01  PmRef    ApIst 00003000 INTL 20100121)
[    0.649466] ACPI: SSDT 000000009ae1ad98 00119 (v01  PmRef    ApCst 00003000 INTL 20100121)
[    0.649900] ACPI: Dynamic OEM Table Load:
[    0.649902] ACPI: SSDT           (null) 00119 (v01  PmRef    ApCst 00003000 INTL 20100121)
[    1.110651] ACPI: Interpreter enabled
[    1.110658] ACPI Exception: AE_NOT_FOUND, While evaluating Sleep State [\_S1_] (20130517/hwxface-571)
[    1.110663] ACPI Exception: AE_NOT_FOUND, While evaluating Sleep State [\_S2_] (20130517/hwxface-571)
[    1.110678] ACPI: (supports S0 S3 S4 S5)
[    1.110679] ACPI: Using IOAPIC for interrupt routing
[    1.110703] PCI: Using host bridge windows from ACPI; if necessary, use "pci=nocrs" and report a bug
[    1.110990] ACPI: ACPI Dock Station Driver: 1 docks/bays found
[    1.153144] ACPI: PCI Root Bridge [PCI0] (domain 0000 [bus 00-fe])
[    1.153259] \_SB_.PCI0:_OSC invalid UUID
[    1.153261] _OSC request data:1 8 0 
[    3.779600] \_SB_.PCI0:_OSC invalid UUID
[    3.779602] _OSC request data:1 1f 0 
[    3.779606] acpi PNP0A08:00: ACPI _OSC support notification failed, disabling PCIe ASPM
[    3.779608] acpi PNP0A08:00: Unable to request _OSC control (_OSC support mask: 0x08)
[    3.780192] acpiphp_glue: can't evaluate _ADR (0x5)
[    3.780220] PCI host bridge to bus 0000:00
[    3.780223] pci_bus 0000:00: root bus resource [bus 00-fe]
[    3.780225] pci_bus 0000:00: root bus resource [io  0x0000-0x0cf7]
[    3.780226] pci_bus 0000:00: root bus resource [io  0x0d00-0xffff]
[    3.780228] pci_bus 0000:00: root bus resource [mem 0x000a0000-0x000bffff]
[    3.780230] pci_bus 0000:00: root bus resource [mem 0x9fa00000-0xfeafffff]
[    3.780238] pci 0000:00:00.0: [8086:0104] type 00 class 0x060000
[    3.780318] pci 0000:00:01.0: [8086:0101] type 01 class 0x060400
[    3.780348] pci 0000:00:01.0: PME# supported from D0 D3hot D3cold
[    3.780387] pci 0000:00:01.0: System wakeup disabled by ACPI
[    3.780420] pci 0000:00:02.0: [8086:0126] type 00 class 0x030000
[    3.780431] pci 0000:00:02.0: reg 0x10: [mem 0xd4000000-0xd43fffff 64bit]
[    3.780437] pci 0000:00:02.0: reg 0x18: [mem 0xc0000000-0xcfffffff 64bit pref]
[    3.780441] pci 0000:00:02.0: reg 0x20: [io  0x5000-0x503f]
[    3.780535] pci 0000:00:14.0: [8086:1e31] type 00 class 0x0c0330
[    3.780558] pci 0000:00:14.0: reg 0x10: [mem 0xd4600000-0xd460ffff 64bit]
[    3.780631] pci 0000:00:14.0: PME# supported from D3hot D3cold
[    3.780672] pci 0000:00:14.0: System wakeup disabled by ACPI
[    3.780706] pci 0000:00:16.0: [8086:1e3a] type 00 class 0x078000
[    3.780730] pci 0000:00:16.0: reg 0x10: [mem 0xd4614000-0xd461400f 64bit]
[    3.780808] pci 0000:00:16.0: PME# supported from D0 D3hot D3cold
[    3.780888] pci 0000:00:1a.0: [8086:1e2d] type 00 class 0x0c0320
[    3.781175] pci 0000:00:1a.0: reg 0x10: [mem 0xd4619000-0xd46193ff]
[    3.782831] pci 0000:00:1a.0: PME# supported from D0 D3hot D3cold
[    3.782889] pci 0000:00:1a.0: System wakeup disabled by ACPI
[    3.782926] pci 0000:00:1b.0: [8086:1e20] type 00 class 0x040300
[    3.782942] pci 0000:00:1b.0: reg 0x10: [mem 0xd4610000-0xd4613fff 64bit]
[    3.783012] pci 0000:00:1b.0: PME# supported from D0 D3hot D3cold
[    3.783056] pci 0000:00:1b.0: System wakeup disabled by ACPI
[    3.783093] pci 0000:00:1c.0: [8086:1e10] type 01 class 0x060400
[    3.783224] pci 0000:00:1c.0: PME# supported from D0 D3hot D3cold
[    3.783279] pci 0000:00:1c.0: System wakeup disabled by ACPI
[    3.783314] pci 0000:00:1c.2: [8086:1e14] type 01 class 0x060400
[    3.783444] pci 0000:00:1c.2: PME# supported from D0 D3hot D3cold
[    3.783499] pci 0000:00:1c.2: System wakeup disabled by ACPI
[    3.783532] pci 0000:00:1c.3: [8086:1e16] type 01 class 0x060400
[    3.783668] pci 0000:00:1c.3: PME# supported from D0 D3hot D3cold
[    3.783725] pci 0000:00:1c.3: System wakeup disabled by ACPI
[    3.783757] pci 0000:00:1c.5: [8086:1e1a] type 01 class 0x060400
[    3.783836] pci 0000:00:1c.5: PME# supported from D0 D3hot D3cold
[    3.783882] pci 0000:00:1c.5: System wakeup disabled by ACPI
[    3.783919] pci 0000:00:1d.0: [8086:1e26] type 00 class 0x0c0320
[    3.784206] pci 0000:00:1d.0: reg 0x10: [mem 0xd4618000-0xd46183ff]
[    3.785866] pci 0000:00:1d.0: PME# supported from D0 D3hot D3cold
[    3.785924] pci 0000:00:1d.0: System wakeup disabled by ACPI
[    3.785956] pci 0000:00:1f.0: [8086:1e57] type 00 class 0x060100
[    3.786127] pci 0000:00:1f.2: [8086:282a] type 00 class 0x010400
[    3.786147] pci 0000:00:1f.2: reg 0x10: [io  0x5088-0x508f]
[    3.786156] pci 0000:00:1f.2: reg 0x14: [io  0x5094-0x5097]
[    3.786164] pci 0000:00:1f.2: reg 0x18: [io  0x5080-0x5087]
[    3.786173] pci 0000:00:1f.2: reg 0x1c: [io  0x5090-0x5093]
[    3.786181] pci 0000:00:1f.2: reg 0x20: [io  0x5060-0x507f]
[    3.786189] pci 0000:00:1f.2: reg 0x24: [mem 0xd4617000-0xd46177ff]
[    3.786235] pci 0000:00:1f.2: PME# supported from D3hot
[    3.786302] pci 0000:00:1f.3: [8086:1e22] type 00 class 0x0c0500
[    3.786318] pci 0000:00:1f.3: reg 0x10: [mem 0xd4615000-0xd46150ff 64bit]
[    3.786340] pci 0000:00:1f.3: reg 0x20: [io  0x5040-0x505f]
[    3.786460] pci 0000:01:00.0: [10de:0de9] type 00 class 0x030000
[    3.786472] pci 0000:01:00.0: reg 0x10: [mem 0xd2000000-0xd2ffffff]
[    3.786485] pci 0000:01:00.0: reg 0x14: [mem 0xa0000000-0xafffffff 64bit pref]
[    3.786497] pci 0000:01:00.0: reg 0x1c: [mem 0xb0000000-0xb1ffffff 64bit pref]
[    3.786505] pci 0000:01:00.0: reg 0x24: [io  0x4000-0x407f]
[    3.786514] pci 0000:01:00.0: reg 0x30: [mem 0xfff80000-0xffffffff pref]
[    3.786576] pci 0000:01:00.0: System wakeup disabled by ACPI
[    3.791634] pci 0000:00:01.0: PCI bridge to [bus 01-06]
[    3.791642] pci 0000:00:01.0:   bridge window [io  0x4000-0x4fff]
[    3.791650] pci 0000:00:01.0:   bridge window [mem 0xd2000000-0xd3ffffff]
[    3.791660] pci 0000:00:01.0:   bridge window [mem 0xa0000000-0xbfffffff 64bit pref]
[    3.791774] pci 0000:00:1c.0: PCI bridge to [bus 07]
[    3.791968] pci 0000:08:00.0: [10ec:5229] type 00 class 0xff0000
[    3.792031] pci 0000:08:00.0: reg 0x10: [mem 0xd1000000-0xd1000fff]
[    3.792514] pci 0000:08:00.0: supports D1 D2
[    3.792516] pci 0000:08:00.0: PME# supported from D1 D2 D3hot
[    3.792596] pci 0000:08:00.0: System wakeup disabled by ACPI
[    3.799700] pci 0000:00:1c.2: PCI bridge to [bus 08-09]
[    3.799710] pci 0000:00:1c.2:   bridge window [io  0x3000-0x3fff]
[    3.799720] pci 0000:00:1c.2:   bridge window [mem 0xd1000000-0xd1ffffff]
[    3.799741] pci 0000:00:1c.2:   bridge window [mem 0xd0000000-0xd0ffffff 64bit pref]
[    3.799888] pci 0000:0a:00.0: [14e4:4727] type 00 class 0x028000
[    3.799923] pci 0000:0a:00.0: reg 0x10: [mem 0xd4500000-0xd4503fff 64bit]
[    3.800105] pci 0000:0a:00.0: supports D1 D2
[    3.800146] pci 0000:0a:00.0: System wakeup disabled by ACPI
[    3.807712] pci 0000:00:1c.3: PCI bridge to [bus 0a]
[    3.807728] pci 0000:00:1c.3:   bridge window [mem 0xd4500000-0xd45fffff]
[    3.807836] pci 0000:0b:00.0: [10ec:8168] type 00 class 0x020000
[    3.807857] pci 0000:0b:00.0: reg 0x10: [io  0x2000-0x20ff]
[    3.807892] pci 0000:0b:00.0: reg 0x18: [mem 0xd4404000-0xd4404fff 64bit pref]
[    3.807914] pci 0000:0b:00.0: reg 0x20: [mem 0xd4400000-0xd4403fff 64bit pref]
[    3.808008] pci 0000:0b:00.0: supports D1 D2
[    3.808009] pci 0000:0b:00.0: PME# supported from D0 D1 D2 D3hot D3cold
[    3.816865] pci 0000:0b:00.0: System wakeup disabled by ACPI
[    3.823718] pci 0000:00:1c.5: PCI bridge to [bus 0b]
[    3.823729] pci 0000:00:1c.5:   bridge window [io  0x2000-0x2fff]
[    3.823748] pci 0000:00:1c.5:   bridge window [mem 0xd4400000-0xd44fffff 64bit pref]
[    3.824296] ACPI: PCI Interrupt Link [LNKA] (IRQs 1 3 4 5 6 10 11 12 14 15) *7
[    3.824347] ACPI: PCI Interrupt Link [LNKB] (IRQs 1 3 4 5 6 10 *11 12 14 15)
[    3.824397] ACPI: PCI Interrupt Link [LNKC] (IRQs 1 3 4 5 6 10 *11 12 14 15)
[    3.824446] ACPI: PCI Interrupt Link [LNKD] (IRQs 1 3 4 5 6 *10 11 12 14 15)
[    3.824494] ACPI: PCI Interrupt Link [LNKE] (IRQs 1 3 4 5 6 10 11 12 14 15) *0, disabled.
[    3.824544] ACPI: PCI Interrupt Link [LNKF] (IRQs 1 3 4 5 6 *10 11 12 14 15)
[    3.824593] ACPI: PCI Interrupt Link [LNKG] (IRQs 1 3 4 5 6 *10 11 12 14 15)
[    3.824642] ACPI: PCI Interrupt Link [LNKH] (IRQs 1 3 4 5 6 10 11 12 14 15) *7
[    3.824953] ACPI: Enabled 5 GPEs in block 00 to 3F
[    3.824959] ACPI: \_SB_.PCI0: notify handler is installed
[    3.825015] Found 1 acpi root devices
[    3.825050] ACPI: EC: GPE = 0x17, I/O: command/status = 0x66, data = 0x62
[    3.825139] vgaarb: device added: PCI:0000:00:02.0,decodes=io+mem,owns=io+mem,locks=none
[    3.825144] vgaarb: device added: PCI:0000:01:00.0,decodes=io+mem,owns=none,locks=none
[    3.825145] vgaarb: loaded
[    3.825146] vgaarb: bridge control possible 0000:01:00.0
[    3.825147] vgaarb: no bridge control possible 0000:00:02.0
[    3.825288] SCSI subsystem initialized
[    3.825290] ACPI: bus type ATA registered
[    3.825337] libata version 3.00 loaded.
[    3.825350] ACPI: bus type USB registered
[    3.825364] usbcore: registered new interface driver usbfs
[    3.825370] usbcore: registered new interface driver hub
[    3.825393] usbcore: registered new device driver usb
[    3.825481] PCI: Using ACPI for IRQ routing
[    3.831992] PCI: pci_cache_line_size set to 64 bytes
[    3.832120] e820: reserve RAM buffer [mem 0x00091c00-0x0009ffff]
[    3.832122] e820: reserve RAM buffer [mem 0x9a7bf000-0x9bffffff]
[    3.832123] e820: reserve RAM buffer [mem 0x9b000000-0x9bffffff]
[    3.832125] e820: reserve RAM buffer [mem 0x1df600000-0x1dfffffff]
[    3.832202] NetLabel: Initializing
[    3.832203] NetLabel:  domain hash size = 128
[    3.832204] NetLabel:  protocols = UNLABELED CIPSOv4
[    3.832214] NetLabel:  unlabeled traffic allowed by default
[    3.832271] hpet0: at MMIO 0xfed00000, IRQs 2, 8, 0, 0, 0, 0, 0, 0
[    3.832276] hpet0: 8 comparators, 64-bit 14.318180 MHz counter
[    3.834299] Switched to clocksource hpet
[    3.838527] AppArmor: AppArmor Filesystem Enabled
[    3.838552] pnp: PnP ACPI init
[    3.838563] ACPI: bus type PNP registered
[    3.838595] pnp 00:00: [dma 4]
[    3.838614] pnp 00:00: Plug and Play ACPI device, IDs PNP0200 (active)
[    3.838633] pnp 00:01: Plug and Play ACPI device, IDs INT0800 (active)
[    3.838723] pnp 00:02: Plug and Play ACPI device, IDs PNP0103 (active)
[    3.838750] pnp 00:03: Plug and Play ACPI device, IDs PNP0c04 (active)
[    3.838792] system 00:04: [io  0x1000-0x100f] has been reserved
[    3.838794] system 00:04: [io  0xffff] has been reserved
[    3.838796] system 00:04: [io  0xffff] has been reserved
[    3.838799] system 00:04: [io  0x0400-0x0453] could not be reserved
[    3.838801] system 00:04: [io  0x0458-0x047f] has been reserved
[    3.838802] system 00:04: [io  0x0500-0x057f] has been reserved
[    3.838804] system 00:04: [io  0x1200-0x1207] has been reserved
[    3.838807] system 00:04: [mem 0xfe800000-0xfe8001ff] has been reserved
[    3.838810] system 00:04: Plug and Play ACPI device, IDs PNP0c02 (active)
[    3.838831] pnp 00:05: Plug and Play ACPI device, IDs PNP0b00 (active)
[    3.838875] system 00:06: [io  0x0454-0x0457] has been reserved
[    3.838878] system 00:06: Plug and Play ACPI device, IDs INT3f0d PNP0c02 (active)
[    3.838934] pnp 00:07: Plug and Play ACPI device, IDs PNP0303 (active)
[    3.838960] pnp 00:08: Plug and Play ACPI device, IDs SYN1e5d SYN1e00 SYN0002 PNP0f13 (active)
[    3.839070] system 00:09: [mem 0xfed1c000-0xfed1ffff] has been reserved
[    3.839072] system 00:09: [mem 0xfed10000-0xfed17fff] has been reserved
[    3.839074] system 00:09: [mem 0xfed18000-0xfed18fff] has been reserved
[    3.839076] system 00:09: [mem 0xfed19000-0xfed19fff] has been reserved
[    3.839078] system 00:09: [mem 0xe0000000-0xefffffff] has been reserved
[    3.839080] system 00:09: [mem 0xfed20000-0xfed3ffff] has been reserved
[    3.839082] system 00:09: [mem 0xfed90000-0xfed93fff] has been reserved
[    3.839086] system 00:09: [mem 0xff000000-0xffffffff] could not be reserved
[    3.839088] system 00:09: [mem 0xfee00000-0xfeefffff] could not be reserved
[    3.839090] system 00:09: [mem 0x9fa00000-0x9fa00fff] has been reserved
[    3.839092] system 00:09: Plug and Play ACPI device, IDs PNP0c02 (active)
[    3.839335] system 00:0a: [mem 0x20000000-0x201fffff] has been reserved
[    3.839337] system 00:0a: [mem 0x40000000-0x401fffff] has been reserved
[    3.839340] system 00:0a: Plug and Play ACPI device, IDs PNP0c01 (active)
[    3.839382] pnp 00:0b: Plug and Play ACPI device, IDs HPQ0004 (active)
[    3.839409] pnp: PnP ACPI: found 12 devices
[    3.839411] ACPI: bus type PNP unregistered
[    3.845562] pci 0000:01:00.0: no compatible bridge window for [mem 0xfff80000-0xffffffff pref]
[    3.845618] pci 0000:01:00.0: BAR 6: assigned [mem 0xb2000000-0xb207ffff pref]
[    3.845621] pci 0000:00:01.0: PCI bridge to [bus 01-06]
[    3.845623] pci 0000:00:01.0:   bridge window [io  0x4000-0x4fff]
[    3.845626] pci 0000:00:01.0:   bridge window [mem 0xd2000000-0xd3ffffff]
[    3.845628] pci 0000:00:01.0:   bridge window [mem 0xa0000000-0xbfffffff 64bit pref]
[    3.845632] pci 0000:00:1c.0: PCI bridge to [bus 07]
[    3.845649] pci 0000:00:1c.2: PCI bridge to [bus 08-09]
[    3.845653] pci 0000:00:1c.2:   bridge window [io  0x3000-0x3fff]
[    3.845660] pci 0000:00:1c.2:   bridge window [mem 0xd1000000-0xd1ffffff]
[    3.845665] pci 0000:00:1c.2:   bridge window [mem 0xd0000000-0xd0ffffff 64bit pref]
[    3.845674] pci 0000:00:1c.3: PCI bridge to [bus 0a]
[    3.845681] pci 0000:00:1c.3:   bridge window [mem 0xd4500000-0xd45fffff]
[    3.845693] pci 0000:00:1c.5: PCI bridge to [bus 0b]
[    3.845696] pci 0000:00:1c.5:   bridge window [io  0x2000-0x2fff]
[    3.845703] pci 0000:00:1c.5:   bridge window [mem 0xd4400000-0xd44fffff 64bit pref]
[    3.846054] pci_bus 0000:00: resource 4 [io  0x0000-0x0cf7]
[    3.846056] pci_bus 0000:00: resource 5 [io  0x0d00-0xffff]
[    3.846058] pci_bus 0000:00: resource 6 [mem 0x000a0000-0x000bffff]
[    3.846059] pci_bus 0000:00: resource 7 [mem 0x9fa00000-0xfeafffff]
[    3.846061] pci_bus 0000:01: resource 0 [io  0x4000-0x4fff]
[    3.846063] pci_bus 0000:01: resource 1 [mem 0xd2000000-0xd3ffffff]
[    3.846065] pci_bus 0000:01: resource 2 [mem 0xa0000000-0xbfffffff 64bit pref]
[    3.846067] pci_bus 0000:08: resource 0 [io  0x3000-0x3fff]
[    3.846068] pci_bus 0000:08: resource 1 [mem 0xd1000000-0xd1ffffff]
[    3.846070] pci_bus 0000:08: resource 2 [mem 0xd0000000-0xd0ffffff 64bit pref]
[    3.846072] pci_bus 0000:0a: resource 1 [mem 0xd4500000-0xd45fffff]
[    3.846074] pci_bus 0000:0b: resource 0 [io  0x2000-0x2fff]
[    3.846075] pci_bus 0000:0b: resource 2 [mem 0xd4400000-0xd44fffff 64bit pref]
[    3.846103] NET: Registered protocol family 2
[    3.846284] TCP established hash table entries: 65536 (order: 8, 1048576 bytes)
[    3.846484] TCP bind hash table entries: 65536 (order: 8, 1048576 bytes)
[    3.846605] TCP: Hash tables configured (established 65536 bind 65536)
[    3.846626] TCP: reno registered
[    3.846637] UDP hash table entries: 4096 (order: 5, 131072 bytes)
[    3.846667] UDP-Lite hash table entries: 4096 (order: 5, 131072 bytes)
[    3.846741] NET: Registered protocol family 1
[    3.846753] pci 0000:00:02.0: Boot video device
[    3.878587] PCI: CLS 64 bytes, default 64
[    3.878629] Trying to unpack rootfs image as initramfs...
[    4.137921] Freeing initrd memory: 17036K (ffff880035eaa000 - ffff880036f4d000)
[    4.137927] PCI-DMA: Using software bounce buffering for IO (SWIOTLB)
[    4.137929] software IO TLB [mem 0x967bf000-0x9a7bf000] (64MB) mapped at [ffff8800967bf000-ffff88009a7befff]
[    4.137967] Simple Boot Flag at 0x44 set to 0x1
[    4.138132] Scanning for low memory corruption every 60 seconds
[    4.138388] Initialise module verification
[    4.138426] audit: initializing netlink socket (disabled)
[    4.138435] type=2000 audit(1412936669.024:1): initialized
[    4.164752] bounce pool size: 64 pages
[    4.164764] HugeTLB registered 2 MB page size, pre-allocated 0 pages
[    4.165808] zbud: loaded
[    4.165923] VFS: Disk quotas dquot_6.5.2
[    4.165959] Dquot-cache hash table entries: 512 (order 0, 4096 bytes)
[    4.166373] fuse init (API version 7.22)
[    4.166433] msgmni has been set to 11726
[    4.166827] Key type asymmetric registered
[    4.166829] Asymmetric key parser 'x509' registered
[    4.166866] Block layer SCSI generic (bsg) driver version 0.4 loaded (major 252)
[    4.166899] io scheduler noop registered
[    4.166901] io scheduler deadline registered (default)
[    4.166924] io scheduler cfq registered
[    4.167001] pcieport 0000:00:01.0: irq 40 for MSI/MSI-X
[    4.167266] pci_hotplug: PCI Hot Plug PCI Core version: 0.5
[    4.167278] pciehp: PCI Express Hot Plug Controller Driver version: 0.4
[    4.167322] intel_idle: MWAIT substates: 0x21120
[    4.167324] intel_idle: v0.4 model 0x2A
[    4.167325] intel_idle: lapic_timer_reliable_states 0xffffffff
[    4.167443] ACPI: AC Adapter [ADP1] (off-line)
[    4.167501] input: Lid Switch as /devices/LNXSYSTM:00/device:00/PNP0C0D:00/input/input0
[    4.170727] ACPI: Lid Switch [LID0]
[    4.170772] input: Power Button as /devices/LNXSYSTM:00/LNXPWRBN:00/input/input1
[    4.170776] ACPI: Power Button [PWRF]
[    4.170841] ACPI: Requesting acpi_cpufreq
[    4.247198] ACPI: EC: GPE storm detected(9 GPEs), transactions will use polling mode
[    4.262831] thermal LNXTHERM:00: registered as thermal_zone0
[    4.262833] ACPI: Thermal Zone [TZS0] (50 C)
[    4.382962] thermal LNXTHERM:01: registered as thermal_zone1
[    4.382964] ACPI: Thermal Zone [TZS1] (30 C)
[    4.382990] GHES: HEST is not enabled!
[    4.383057] Serial: 8250/16550 driver, 32 ports, IRQ sharing enabled
[    4.455061] Linux agpgart interface v0.103
[    4.456132] brd: module loaded
[    4.456672] loop: module loaded
[    4.456724] megasas: 06.600.18.00-rc1 Wed. May. 15 17:00:00 PDT 2013
[    4.456957] libphy: Fixed MDIO Bus: probed
[    4.457022] tun: Universal TUN/TAP device driver, 1.6
[    4.457023] tun: (C) 1999-2004 Max Krasnyansky <maxk@qualcomm.com>
[    4.457060] PPP generic driver version 2.4.2
[    4.457095] ehci_hcd: USB 2.0 'Enhanced' Host Controller (EHCI) Driver
[    4.457097] ehci-pci: EHCI PCI platform driver
[    4.457195] ehci-pci 0000:00:1a.0: setting latency timer to 64
[    4.457203] ehci-pci 0000:00:1a.0: EHCI Host Controller
[    4.457208] ehci-pci 0000:00:1a.0: new USB bus registered, assigned bus number 1
[    4.457221] ehci-pci 0000:00:1a.0: debug port 2
[    4.461109] ehci-pci 0000:00:1a.0: cache line size of 64 is not supported
[    4.461125] ehci-pci 0000:00:1a.0: irq 16, io mem 0xd4619000
[    4.471043] ehci-pci 0000:00:1a.0: USB 2.0 started, EHCI 1.00
[    4.471069] usb usb1: New USB device found, idVendor=1d6b, idProduct=0002
[    4.471071] usb usb1: New USB device strings: Mfr=3, Product=2, SerialNumber=1
[    4.471073] usb usb1: Product: EHCI Host Controller
[    4.471075] usb usb1: Manufacturer: Linux 3.11.0-26-generic ehci_hcd
[    4.471076] usb usb1: SerialNumber: 0000:00:1a.0
[    4.471161] hub 1-0:1.0: USB hub found
[    4.471165] hub 1-0:1.0: 2 ports detected
[    4.471331] ehci-pci 0000:00:1d.0: setting latency timer to 64
[    4.471337] ehci-pci 0000:00:1d.0: EHCI Host Controller
[    4.471341] ehci-pci 0000:00:1d.0: new USB bus registered, assigned bus number 2
[    4.471352] ehci-pci 0000:00:1d.0: debug port 2
[    4.475254] ehci-pci 0000:00:1d.0: cache line size of 64 is not supported
[    4.475268] ehci-pci 0000:00:1d.0: irq 23, io mem 0xd4618000
[    4.487061] ehci-pci 0000:00:1d.0: USB 2.0 started, EHCI 1.00
[    4.487081] usb usb2: New USB device found, idVendor=1d6b, idProduct=0002
[    4.487083] usb usb2: New USB device strings: Mfr=3, Product=2, SerialNumber=1
[    4.487085] usb usb2: Product: EHCI Host Controller
[    4.487086] usb usb2: Manufacturer: Linux 3.11.0-26-generic ehci_hcd
[    4.487088] usb usb2: SerialNumber: 0000:00:1d.0
[    4.487166] hub 2-0:1.0: USB hub found
[    4.487169] hub 2-0:1.0: 2 ports detected
[    4.487257] ehci-platform: EHCI generic platform driver
[    4.487264] ohci_hcd: USB 1.1 'Open' Host Controller (OHCI) Driver
[    4.487265] ohci-pci: OHCI PCI platform driver
[    4.487272] ohci-platform: OHCI generic platform driver
[    4.487277] uhci_hcd: USB Universal Host Controller Interface driver
[    4.487374] xhci_hcd 0000:00:14.0: setting latency timer to 64
[    4.487377] xhci_hcd 0000:00:14.0: xHCI Host Controller
[    4.487384] xhci_hcd 0000:00:14.0: new USB bus registered, assigned bus number 3
[    4.487475] xhci_hcd 0000:00:14.0: cache line size of 64 is not supported
[    4.487497] xhci_hcd 0000:00:14.0: irq 41 for MSI/MSI-X
[    4.487542] usb usb3: New USB device found, idVendor=1d6b, idProduct=0002
[    4.487544] usb usb3: New USB device strings: Mfr=3, Product=2, SerialNumber=1
[    4.487545] usb usb3: Product: xHCI Host Controller
[    4.487547] usb usb3: Manufacturer: Linux 3.11.0-26-generic xhci_hcd
[    4.487548] usb usb3: SerialNumber: 0000:00:14.0
[    4.487603] xHCI xhci_add_endpoint called for root hub
[    4.487605] xHCI xhci_check_bandwidth called for root hub
[    4.487622] hub 3-0:1.0: USB hub found
[    4.487629] hub 3-0:1.0: 4 ports detected
[    4.487900] xhci_hcd 0000:00:14.0: xHCI Host Controller
[    4.487903] xhci_hcd 0000:00:14.0: new USB bus registered, assigned bus number 4
[    4.487922] usb usb4: New USB device found, idVendor=1d6b, idProduct=0003
[    4.487924] usb usb4: New USB device strings: Mfr=3, Product=2, SerialNumber=1
[    4.487926] usb usb4: Product: xHCI Host Controller
[    4.487927] usb usb4: Manufacturer: Linux 3.11.0-26-generic xhci_hcd
[    4.487929] usb usb4: SerialNumber: 0000:00:14.0
[    4.487980] xHCI xhci_add_endpoint called for root hub
[    4.487981] xHCI xhci_check_bandwidth called for root hub
[    4.487997] hub 4-0:1.0: USB hub found
[    4.488004] hub 4-0:1.0: 4 ports detected
[    4.503122] i8042: PNP: PS/2 Controller [PNP0303:KBD0,PNP0f13:PS2M] at 0x60,0x64 irq 1,12
[    4.530775] serio: i8042 KBD port at 0x60,0x64 irq 1
[    4.530780] serio: i8042 AUX port at 0x60,0x64 irq 12
[    4.530869] mousedev: PS/2 mouse device common for all mice
[    4.532853] rtc_cmos 00:05: RTC can wake from S4
[    4.532964] rtc_cmos 00:05: rtc core: registered rtc_cmos as rtc0
[    4.532992] rtc_cmos 00:05: alarms up to one month, 242 bytes nvram, hpet irqs
[    4.533039] device-mapper: uevent: version 1.0.3
[    4.533085] device-mapper: ioctl: 4.25.0-ioctl (2013-06-26) initialised: dm-devel@redhat.com
[    4.533201] cpuidle: using governor ladder
[    4.533300] cpuidle: using governor menu
[    4.533310] ledtrig-cpu: registered to indicate activity on CPUs
[    4.533382] TCP: cubic registered
[    4.533453] NET: Registered protocol family 10
[    4.533601] NET: Registered protocol family 17
[    4.533608] Key type dns_resolver registered
[    4.533805] PM: Hibernation image not present or could not be loaded.
[    4.533808] Loading module verification certificates
[    4.534647] MODSIGN: Loaded cert 'Magrathea: Glacier signing key: 05f79677c64ce29c19b2aaf989bed111ed47632f'
[    4.534657] registered taskstats version 1
[    4.536364] Key type trusted registered
[    4.537829] Key type encrypted registered
[    4.539250] AppArmor: AppArmor sha1 policy hashing enabled
[    4.539703] regulator-dummy: disabling
[    4.539755]   Magic number: 2:210:426
[    4.539866] rtc_cmos 00:05: setting system clock to 2014-10-10 10:24:33 UTC (1412936673)
[    4.561402] input: AT Translated Set 2 keyboard as /devices/platform/i8042/serio0/input/input2
[    4.755804] BIOS EDD facility v0.16 2004-Jun-25, 0 devices found
[    4.755807] EDD information not available.
[    4.783521] usb 1-1: new high-speed USB device number 2 using ehci-pci
[    4.915974] usb 1-1: New USB device found, idVendor=8087, idProduct=0024
[    4.915989] usb 1-1: New USB device strings: Mfr=0, Product=0, SerialNumber=0
[    4.916468] hub 1-1:1.0: USB hub found
[    4.916626] hub 1-1:1.0: 6 ports detected
[    5.027776] usb 2-1: new high-speed USB device number 2 using ehci-pci
[    5.135884] tsc: Refined TSC clocksource calibration: 2494.334 MHz
[    5.160514] usb 2-1: New USB device found, idVendor=8087, idProduct=0024
[    5.160519] usb 2-1: New USB device strings: Mfr=0, Product=0, SerialNumber=0
[    5.161001] hub 2-1:1.0: USB hub found
[    5.161155] hub 2-1:1.0: 8 ports detected
[    5.328126] usb 3-1: new low-speed USB device number 2 using xhci_hcd
[    5.364437] usb 3-1: New USB device found, idVendor=1241, idProduct=1503
[    5.364457] usb 3-1: New USB device strings: Mfr=1, Product=2, SerialNumber=0
[    5.364459] usb 3-1: Product: USB Keyboard
[    5.364461] usb 3-1: Manufacturer:  
[    5.364643] usb 3-1: ep 0x81 - rounding interval to 64 microframes, ep desc says 80 microframes
[    5.364648] usb 3-1: ep 0x82 - rounding interval to 64 microframes, ep desc says 80 microframes
[    5.532357] usb 3-3: new low-speed USB device number 3 using xhci_hcd
[    5.553173] usb 3-3: New USB device found, idVendor=045e, idProduct=00cb
[    5.553185] usb 3-3: New USB device strings: Mfr=1, Product=2, SerialNumber=0
[    5.553199] usb 3-3: Product: Microsoft Basic Optical Mouse v2.0 
[    5.553201] usb 3-3: Manufacturer: Microsoft 
[    5.553405] usb 3-3: ep 0x81 - rounding interval to 64 microframes, ep desc says 80 microframes
[    5.624511] usb 1-1.1: new full-speed USB device number 3 using ehci-pci
[    5.718308] usb 1-1.1: New USB device found, idVendor=138a, idProduct=0018
[    5.718320] usb 1-1.1: New USB device strings: Mfr=0, Product=0, SerialNumber=1
[    5.718325] usb 1-1.1: SerialNumber: 9599c4a6abf6
[    5.788684] usb 1-1.3: new high-speed USB device number 4 using ehci-pci
[    5.856840] ACPI: Battery Slot [BAT0] (battery present)
[    5.857928] Freeing unused kernel memory: 1392K (ffffffff81d10000 - ffffffff81e6c000)
[    5.857930] Write protecting the kernel read-only data: 12288k
[    5.859422] Freeing unused kernel memory: 660K (ffff88000175b000 - ffff880001800000)
[    5.859533] Freeing unused kernel memory: 20K (ffff880001bfb000 - ffff880001c00000)
[    5.872983] udevd[125]: starting version 175
[    5.903984] hidraw: raw HID events driver (C) Jiri Kosina
[    5.922641] rtsx_pci 0000:08:00.0: irq 42 for MSI/MSI-X
[    5.922679] rtsx_pci 0000:08:00.0: rtsx_pci_acquire_irq: pcr->msi_en = 1, pci->irq = 42
[    5.925830] r8169 Gigabit Ethernet driver 2.3LK-NAPI loaded
[    5.925843] r8169 0000:0b:00.0: can't disable ASPM; OS doesn't have ASPM control
[    5.926092] r8169 0000:0b:00.0: irq 43 for MSI/MSI-X
[    5.926293] r8169 0000:0b:00.0 eth0: RTL8168evl/8111evl at 0xffffc90000c1c000, 08:2e:5f:71:36:4a, XID 0c900800 IRQ 43
[    5.926297] r8169 0000:0b:00.0 eth0: jumbo features [frames: 9200 bytes, tx checksumming: ko]
[    5.929929] ahci 0000:00:1f.2: version 3.0
[    5.930113] ahci 0000:00:1f.2: irq 44 for MSI/MSI-X
[    5.932962] usbcore: registered new interface driver usbhid
[    5.932966] usbhid: USB HID core driver
[    5.935352] usb 1-1.3: New USB device found, idVendor=064e, idProduct=c334
[    5.935356] usb 1-1.3: New USB device strings: Mfr=1, Product=2, SerialNumber=3
[    5.935360] usb 1-1.3: Product: HP Truevision HD
[    5.935362] usb 1-1.3: Manufacturer: SuYin
[    5.935365] usb 1-1.3: SerialNumber: HF1016-P62A-OV01-VH-R04.00.06
[    5.944750] ahci 0000:00:1f.2: AHCI 0001.0300 32 slots 6 ports 6 Gbps 0x11 impl RAID mode
[    5.944757] ahci 0000:00:1f.2: flags: 64bit ncq pm led clo pio slum part ems apst 
[    5.944763] ahci 0000:00:1f.2: setting latency timer to 64
[    5.951118] input:   USB Keyboard as /devices/pci0000:00/0000:00:14.0/usb3/3-1/3-1:1.0/input/input3
[    5.952218] hid-generic 0003:1241:1503.0001: input,hidraw0: USB HID v1.10 Keyboard [  USB Keyboard] on usb-0000:00:14.0-1/input0
[    5.953232] scsi0 : ahci
[    5.953333] scsi1 : ahci
[    5.953416] scsi2 : ahci
[    5.953494] scsi3 : ahci
[    5.953572] scsi4 : ahci
[    5.953643] scsi5 : ahci
[    5.953717] ata1: SATA max UDMA/133 abar m2048@0xd4617000 port 0xd4617100 irq 44
[    5.953719] ata2: DUMMY
[    5.953720] ata3: DUMMY
[    5.953721] ata4: DUMMY
[    5.953724] ata5: SATA max UDMA/133 abar m2048@0xd4617000 port 0xd4617300 irq 44
[    5.953725] ata6: DUMMY
[    5.954195] input:   USB Keyboard as /devices/pci0000:00/0000:00:14.0/usb3/3-1/3-1:1.1/input/input4
[    5.954270] hid-generic 0003:1241:1503.0002: input,hidraw1: USB HID v1.10 Device [  USB Keyboard] on usb-0000:00:14.0-1/input1
[    5.954369] input: Microsoft  Microsoft Basic Optical Mouse v2.0  as /devices/pci0000:00/0000:00:14.0/usb3/3-3/3-3:1.0/input/input5
[    5.954460] hid-generic 0003:045E:00CB.0003: input,hidraw2: USB HID v1.11 Mouse [Microsoft  Microsoft Basic Optical Mouse v2.0 ] on usb-0000:00:14.0-3/input0
[    6.073044] usb 2-1.6: new full-speed USB device number 3 using ehci-pci
[    6.137254] Switched to clocksource tsc
[    6.169842] usb 2-1.6: New USB device found, idVendor=0a5c, idProduct=21e3
[    6.169855] usb 2-1.6: New USB device strings: Mfr=1, Product=2, SerialNumber=3
[    6.169861] usb 2-1.6: Product: BCM20702A0
[    6.169866] usb 2-1.6: Manufacturer: Broadcom Corp
[    6.169871] usb 2-1.6: SerialNumber: 7CE9D3CF13E9
[    6.273217] ata5: SATA link up 1.5 Gbps (SStatus 113 SControl 300)
[    6.273242] ata1: SATA link up 3.0 Gbps (SStatus 123 SControl 300)
[    6.274957] ata1.00: ATA-8: Hitachi HTS547564A9E384, JEDOA50A, max UDMA/100
[    6.274968] ata1.00: 1250263728 sectors, multi 16: LBA48 NCQ (depth 31/32), AA
[    6.276715] ata1.00: configured for UDMA/100
[    6.277017] scsi 0:0:0:0: Direct-Access     ATA      Hitachi HTS54756 JEDO PQ: 0 ANSI: 5
[    6.277157] sd 0:0:0:0: [sda] 1250263728 512-byte logical blocks: (640 GB/596 GiB)
[    6.277161] sd 0:0:0:0: [sda] 4096-byte physical blocks
[    6.277196] sd 0:0:0:0: Attached scsi generic sg0 type 0
[    6.277237] sd 0:0:0:0: [sda] Write Protect is off
[    6.277241] sd 0:0:0:0: [sda] Mode Sense: 00 3a 00 00
[    6.277270] sd 0:0:0:0: [sda] Write cache: enabled, read cache: enabled, doesn't support DPO or FUA
[    6.285473] ata5.00: ATAPI: hp      DVD-RAM UJ8B1, H.03, max UDMA/100
[    6.298342] ata5.00: configured for UDMA/100
[    6.305238] scsi 4:0:0:0: CD-ROM            hp       DVD-RAM UJ8B1    H.03 PQ: 0 ANSI: 5
[    6.308493] sr0: scsi3-mmc drive: 24x/24x writer dvd-ram cd/rw xa/form2 cdda tray
[    6.308496] cdrom: Uniform CD-ROM driver Revision: 3.20
[    6.308606] sr 4:0:0:0: Attached scsi CD-ROM sr0
[    6.308673] sr 4:0:0:0: Attached scsi generic sg1 type 5
[    6.649708]  sda: sda1 sda2 sda3 sda4 < sda5 sda6 sda7 sda8 >
[    6.650115] sd 0:0:0:0: [sda] Attached SCSI disk
[    7.644317] EXT4-fs (sda8): mounted filesystem with ordered data mode. Opts: (null)
[    8.986603] init: ureadahead main process (331) terminated with status 5
[    9.865604] Adding 6184956k swap on /dev/sda7.  Priority:-1 extents:1 across:6184956k FS
[   11.110631] IPv6: ADDRCONF(NETDEV_UP): eth0: link is not ready
[   11.154216] EXT4-fs (sda8): re-mounted. Opts: errors=remount-ro
[   11.340913] udevd[420]: starting version 175
[   13.009286] lp: driver loaded but no devices found
[   14.103318] wmi: Mapper loaded
[   14.172578] hp_accel: laptop model unknown, using default axes configuration
[   14.210892] [drm] Initialized drm 1.1.0 20060810
[   14.378415] lis3lv02d: 8 bits 3DC sensor found
[   14.409530] ACPI Warning: 0x0000000000000428-0x000000000000042f SystemIO conflicts with Region \PMIO 1 (20130517/utaddress-251)
[   14.409540] ACPI: If an ACPI driver is available for this device, you should use it instead of the native driver
[   14.409545] ACPI Warning: 0x0000000000000530-0x000000000000053f SystemIO conflicts with Region \GPIO 1 (20130517/utaddress-251)
[   14.409550] ACPI Warning: 0x0000000000000530-0x000000000000053f SystemIO conflicts with Region \_SB_.GPIO 2 (20130517/utaddress-251)
[   14.409554] ACPI Warning: 0x0000000000000530-0x000000000000053f SystemIO conflicts with Region \_SB_.PCI0.PEG0.PEGP.GPIO 3 (20130517/utaddress-251)
[   14.409558] ACPI: If an ACPI driver is available for this device, you should use it instead of the native driver
[   14.409560] ACPI Warning: 0x0000000000000500-0x000000000000052f SystemIO conflicts with Region \GPIO 1 (20130517/utaddress-251)
[   14.409564] ACPI Warning: 0x0000000000000500-0x000000000000052f SystemIO conflicts with Region \_SB_.GPIO 2 (20130517/utaddress-251)
[   14.409568] ACPI Warning: 0x0000000000000500-0x000000000000052f SystemIO conflicts with Region \_SB_.PCI0.PEG0.PEGP.GPIO 3 (20130517/utaddress-251)
[   14.409572] ACPI: If an ACPI driver is available for this device, you should use it instead of the native driver
[   14.409574] lpc_ich: Resource conflict(s) found affecting gpio_ich
[   14.490354] bcma: bus0: Found chip with id 0x4313, rev 0x01 and package 0x08
[   14.490389] bcma: bus0: Core 0 found: ChipCommon (manuf 0x4BF, id 0x800, rev 0x24, class 0x0)
[   14.490417] bcma: bus0: Core 1 found: IEEE 802.11 (manuf 0x4BF, id 0x812, rev 0x18, class 0x0)
[   14.490470] bcma: bus0: Core 2 found: PCIe (manuf 0x4BF, id 0x820, rev 0x11, class 0x0)
[   14.502649] bcma: bus0: Bus registered
[   14.528251] [drm] Memory usable by graphics device = 2048M
[   14.528258] i915 0000:00:02.0: setting latency timer to 64
[   14.554256] i915 0000:00:02.0: irq 45 for MSI/MSI-X
[   14.554266] [drm] Supports vblank timestamp caching Rev 1 (10.10.2010).
[   14.554267] [drm] Driver supports precise vblank timestamp query.
[   14.554286] ACPI Warning: \_SB_.PCI0.PEG0.PEGP._DSM: Argument #4 type mismatch - Found [Integer], ACPI requires [Package] (20130517/nsarguments-95)
[   14.554319] ACPI Warning: \_SB_.PCI0.PEG0.PEGP._DSM: Argument #4 type mismatch - Found [Integer], ACPI requires [Package] (20130517/nsarguments-95)
[   14.554387] vgaarb: device changed decodes: PCI:0000:00:02.0,olddecodes=io+mem,decodes=none:owns=io+mem
[   14.554389] vgaarb: transferring owner from PCI:0000:00:02.0 to PCI:0000:01:00.0
[   14.574624] input: ST LIS3LV02DL Accelerometer as /devices/platform/lis3lv02d/input/input6
[   14.583050] [drm] Wrong MCH_SSKPD value: 0x16040307
[   14.583053] [drm] This can cause pipe underruns and display issues.
[   14.583054] [drm] Please upgrade your BIOS to fix this.
[   14.600276] fbcon: inteldrmfb (fb0) is primary device
[   14.783834] ppdev: user-space parallel port driver
[   14.895191] input: HP WMI hotkeys as /devices/virtual/input/input7
[   15.127148] Bluetooth: Core ver 2.16
[   15.127164] NET: Registered protocol family 31
[   15.127165] Bluetooth: HCI device and connection manager initialized
[   15.127171] Bluetooth: HCI socket layer initialized
[   15.127172] Bluetooth: L2CAP socket layer initialized
[   15.127176] Bluetooth: SCO socket layer initialized
[   15.231910] cfg80211: Calling CRDA to update world regulatory domain
[   15.235923] usbcore: registered new interface driver btusb
[   15.319008] MXM: GUID detected in BIOS
[   15.319029] ACPI Warning: \_SB_.PCI0.PEG0.PEGP._DSM: Argument #4 type mismatch - Found [Integer], ACPI requires [Package] (20130517/nsarguments-95)
[   15.319577] ACPI Warning: \_SB_.PCI0.PEG0.PEGP._DSM: Argument #4 type mismatch - Found [Buffer], ACPI requires [Package] (20130517/nsarguments-95)
[   15.319638] VGA switcheroo: detected Optimus DSM method \_SB_.PCI0.PEG0.PEGP handle
[   15.405661] Bluetooth: can't load firmware, may not work correctly
[   15.439631] Console: switching to colour frame buffer device 170x48
[   15.441936] i915 0000:00:02.0: fb0: inteldrmfb frame buffer device
[   15.441938] i915 0000:00:02.0: registered panic notifier
[   15.441949] nouveau 0000:01:00.0: enabling device (0006 -> 0007)
[   15.442181] [Firmware Bug]: ACPI(PEGP) defines _DOD but not _DOS
[   15.679993] acpi device:38: registered as cooling_device4
[   15.680130] ACPI: Video Device [PEGP] (multi-head: yes  rom: yes  post: no)
[   15.680192] input: Video Bus as /devices/LNXSYSTM:00/device:00/PNP0A08:00/device:36/LNXVIDEO:00/input/input8
[   15.760724] Linux video capture interface: v2.00
[   15.817448] Bluetooth: RFCOMM TTY layer initialized
[   15.817463] Bluetooth: RFCOMM socket layer initialized
[   15.817465] Bluetooth: RFCOMM ver 1.11
[   15.930530] type=1400 audit(1412916884.872:2): apparmor="STATUS" operation="profile_load" parent=930 profile="unconfined" name="/usr/lib/cups/backend/cups-pdf" pid=935 comm="apparmor_parser"
[   15.930537] type=1400 audit(1412916884.872:3): apparmor="STATUS" operation="profile_load" parent=930 profile="unconfined" name="/usr/sbin/cupsd" pid=935 comm="apparmor_parser"
[   15.931077] type=1400 audit(1412916884.872:4): apparmor="STATUS" operation="profile_replace" parent=930 profile="unconfined" name="/usr/sbin/cupsd" pid=935 comm="apparmor_parser"
[   15.935551] type=1400 audit(1412916884.876:5): apparmor="STATUS" operation="profile_load" parent=971 profile="unconfined" name="/sbin/dhclient" pid=972 comm="apparmor_parser"
[   15.935558] type=1400 audit(1412916884.876:6): apparmor="STATUS" operation="profile_load" parent=971 profile="unconfined" name="/usr/lib/NetworkManager/nm-dhcp-client.action" pid=972 comm="apparmor_parser"
[   15.935562] type=1400 audit(1412916884.876:7): apparmor="STATUS" operation="profile_load" parent=971 profile="unconfined" name="/usr/lib/connman/scripts/dhclient-script" pid=972 comm="apparmor_parser"
[   15.935572] type=1400 audit(1412916884.876:8): apparmor="STATUS" operation="profile_replace" parent=803 profile="unconfined" name="/sbin/dhclient" pid=816 comm="apparmor_parser"
[   15.935578] type=1400 audit(1412916884.876:9): apparmor="STATUS" operation="profile_replace" parent=803 profile="unconfined" name="/usr/lib/NetworkManager/nm-dhcp-client.action" pid=816 comm="apparmor_parser"
[   15.935583] type=1400 audit(1412916884.876:10): apparmor="STATUS" operation="profile_replace" parent=803 profile="unconfined" name="/usr/lib/connman/scripts/dhclient-script" pid=816 comm="apparmor_parser"
[   15.936020] type=1400 audit(1412916884.876:11): apparmor="STATUS" operation="profile_replace" parent=971 profile="unconfined" name="/usr/lib/NetworkManager/nm-dhcp-client.action" pid=972 comm="apparmor_parser"
[   15.940399] [drm] Enabling RC6 states: RC6 on, RC6p off, RC6pp off
[   15.968355] acpi device:44: registered as cooling_device5
[   15.968558] ACPI: Video Device [GFX0] (multi-head: yes  rom: no  post: no)
[   15.968611] input: Video Bus as /devices/LNXSYSTM:00/device:00/PNP0A08:00/LNXVIDEO:01/input/input9
[   15.968692] [drm] Initialized i915 1.6.0 20080730 for 0000:00:02.0 on minor 0
[   15.968893] mei_me 0000:00:16.0: setting latency timer to 64
[   15.968934] mei_me 0000:00:16.0: irq 46 for MSI/MSI-X
[   15.969786] nouveau  [  DEVICE][0000:01:00.0] BOOT0  : 0x0c1480a1
[   15.969790] nouveau  [  DEVICE][0000:01:00.0] Chipset: GF108 (NVC1)
[   15.969794] nouveau  [  DEVICE][0000:01:00.0] Family : NVC0
[   15.971838] nouveau  [   VBIOS][0000:01:00.0] checking PRAMIN for image...
[   15.981587] nouveau  [   VBIOS][0000:01:00.0] ... signature not found
[   15.981590] nouveau  [   VBIOS][0000:01:00.0] checking PROM for image...
[   15.981661] nouveau  [   VBIOS][0000:01:00.0] ... signature not found
[   15.981664] nouveau  [   VBIOS][0000:01:00.0] checking ACPI for image...
[   15.982110] snd_hda_intel 0000:00:1b.0: irq 47 for MSI/MSI-X
[   16.039201] psmouse serio1: synaptics: Touchpad model: 1, fw: 8.1, id: 0x1e2b1, caps: 0xd00123/0x840300/0x26c00, board id: 2054, fw id: 1096083
[   16.103813] input: SynPS/2 Synaptics TouchPad as /devices/platform/i8042/serio1/input/input10
[   16.140955] mute LED gpio 1 polarity 0
[   16.141121] autoconfig: line_outs=1 (0xd/0x0/0x0/0x0/0x0) type:speaker
[   16.141124]    speaker_outs=0 (0x0/0x0/0x0/0x0/0x0)
[   16.141125]    hp_outs=1 (0xb/0x0/0x0/0x0/0x0)
[   16.141126]    mono: mono_out=0x0
[   16.141127]    inputs:
[   16.141128]      Internal Mic=0x11
[   16.141130]      Mic=0xa
[   16.225622] input: HDA Intel PCH HDMI/DP,pcm=3 as /devices/pci0000:00/0000:00:1b.0/sound/card0/input11
[   16.225754] input: HDA Intel PCH Headphone as /devices/pci0000:00/0000:00:1b.0/sound/card0/input12
[   16.225870] input: HDA Intel PCH Mic as /devices/pci0000:00/0000:00:1b.0/sound/card0/input13
[   16.242280] Support for cores revisions 0x17 and 0x18 disabled by module param allhwsupport=0. Try b43.allhwsupport=1
[   16.242347] b43: probe of bcma0:0 failed with error -524
[   16.242372] Broadcom 43xx driver loaded [ Features: PNL ]
[   16.508347] uvcvideo: Found UVC 1.00 device HP Truevision HD (064e:c334)
[   16.516984] input: HP Truevision HD as /devices/pci0000:00/0000:00:1a.0/usb1/1-1/1-1.3/1-1.3:1.0/input/input14
[   16.517075] usbcore: registered new interface driver uvcvideo
[   16.517077] USB Video Class driver (1.1.1)
[   16.844868] Bluetooth: BNEP (Ethernet Emulation) ver 1.3
[   16.844872] Bluetooth: BNEP filters: protocol multicast
[   16.844881] Bluetooth: BNEP socket layer initialized
[   17.153265] brcmsmac bcma0:0: mfg 4bf core 812 rev 24 class 0 irq 19
[   17.492124] r8169 0000:0b:00.0 eth0: link down
[   17.492171] IPv6: ADDRCONF(NETDEV_UP): eth0: link is not ready
[   17.528113] init: failsafe main process (1020) killed by TERM signal
[   17.942582] nouveau  [   VBIOS][0000:01:00.0] ... appears to be valid
[   17.942588] nouveau  [   VBIOS][0000:01:00.0] using image from ACPI
[   17.942708] nouveau  [   VBIOS][0000:01:00.0] BIT signature found
[   17.942711] nouveau  [   VBIOS][0000:01:00.0] version 70.08.a8.00.1f
[   17.943094] nouveau  [ DEVINIT][0000:01:00.0] adaptor not initialised
[   17.943098] nouveau  [   VBIOS][0000:01:00.0] running init tables
[   18.013657] ieee80211 phy0: Selected rate control algorithm 'minstrel_ht'
[   18.013974] ieee80211 phy0: registered radio enabled led device: brcmsmac-phy0:radio gpio: 243
[   18.050131] nouveau  [     PFB][0000:01:00.0] RAM type: DDR3
[   18.050135] nouveau  [     PFB][0000:01:00.0] RAM size: 1024 MiB
[   18.050137] nouveau  [     PFB][0000:01:00.0]    ZCOMP: 0 tags
[   18.075454] nouveau  [  PTHERM][0000:01:00.0] FAN control: none / external
[   18.075461] nouveau  [  PTHERM][0000:01:00.0] fan management: disabled
[   18.075466] nouveau  [  PTHERM][0000:01:00.0] internal sensor: yes
[   18.079242] vga_switcheroo: enabled
[   18.079330] [TTM] Zone  kernel: Available graphics memory: 3002998 kiB
[   18.079331] [TTM] Zone   dma32: Available graphics memory: 2097152 kiB
[   18.079333] [TTM] Initializing pool allocator
[   18.079336] [TTM] Initializing DMA pool allocator
[   18.079346] nouveau  [     DRM] VRAM: 1024 MiB
[   18.079347] nouveau  [     DRM] GART: 1048576 MiB
[   18.079351] nouveau  [     DRM] TMDS table version 2.0
[   18.079352] nouveau  [     DRM] DCB version 4.0
[   18.079354] nouveau  [     DRM] DCB outp 00: 02010300 00000000
[   18.079356] nouveau  [     DRM] DCB conn 00: 00000400
[   18.080082] [drm] Supports vblank timestamp caching Rev 1 (10.10.2010).
[   18.080083] [drm] No driver support for vblank timestamp query.
[   18.080085] nouveau  [     DRM] ACPI backlight interface available, not registering our own
[   18.080092] nouveau W[     DRM] voltage table 0x50 unknown
[   18.080252] nouveau  [     DRM] 2 available performance level(s)
[   18.080255] nouveau  [     DRM] 1: core 270MHz shader 540MHz memory 405MHz
[   18.080257] nouveau  [     DRM] 3: core 475MHz shader 950MHz memory 900MHz voltage 10mV
[   18.080259] nouveau  [     DRM] c: core 270MHz shader 540MHz memory 405MHz
[   18.086518] nouveau  [     DRM] MM: using COPY0 for buffer copies
[   18.131648] nouveau  [     DRM] allocated 1024x768 fb: 0x60000, bo ffff8801d6305800
[   18.131719] nouveau 0000:01:00.0: fb1: nouveaufb frame buffer device
[   18.131722] [drm] Initialized nouveau 1.1.1 20120801 for 0000:01:00.0 on minor 1
[   23.391050] audit_printk_skb: 15 callbacks suppressed
[   23.391054] type=1400 audit(1412916892.324:17): apparmor="STATUS" operation="profile_replace" parent=1169 profile="unconfined" name="/sbin/dhclient" pid=1175 comm="apparmor_parser"
[   23.391061] type=1400 audit(1412916892.324:18): apparmor="STATUS" operation="profile_replace" parent=1169 profile="unconfined" name="/usr/lib/NetworkManager/nm-dhcp-client.action" pid=1175 comm="apparmor_parser"
[   23.391065] type=1400 audit(1412916892.324:19): apparmor="STATUS" operation="profile_replace" parent=1169 profile="unconfined" name="/usr/lib/connman/scripts/dhclient-script" pid=1175 comm="apparmor_parser"
[   23.391525] type=1400 audit(1412916892.324:20): apparmor="STATUS" operation="profile_replace" parent=1169 profile="unconfined" name="/usr/lib/NetworkManager/nm-dhcp-client.action" pid=1175 comm="apparmor_parser"
[   23.391530] type=1400 audit(1412916892.324:21): apparmor="STATUS" operation="profile_replace" parent=1169 profile="unconfined" name="/usr/lib/connman/scripts/dhclient-script" pid=1175 comm="apparmor_parser"
[   23.391771] type=1400 audit(1412916892.324:22): apparmor="STATUS" operation="profile_replace" parent=1169 profile="unconfined" name="/usr/lib/connman/scripts/dhclient-script" pid=1175 comm="apparmor_parser"
[   23.396600] type=1400 audit(1412916892.328:23): apparmor="STATUS" operation="profile_replace" parent=1169 profile="unconfined" name="/usr/lib/cups/backend/cups-pdf" pid=1179 comm="apparmor_parser"
[   23.396609] type=1400 audit(1412916892.328:24): apparmor="STATUS" operation="profile_replace" parent=1169 profile="unconfined" name="/usr/sbin/cupsd" pid=1179 comm="apparmor_parser"
[   23.397180] type=1400 audit(1412916892.332:25): apparmor="STATUS" operation="profile_replace" parent=1169 profile="unconfined" name="/usr/sbin/cupsd" pid=1179 comm="apparmor_parser"
[   23.545652] type=1400 audit(1412916892.480:26): apparmor="STATUS" operation="profile_load" parent=1169 profile="unconfined" name="/usr/lib/lightdm/lightdm/lightdm-guest-session-wrapper" pid=1174 comm="apparmor_parser"
[   23.817708] brcmsmac bcma0:0: brcms_ops_bss_info_changed: qos enabled: false (implement)
[   23.817719] brcmsmac bcma0:0: brcms_ops_config: change power-save mode: false (implement)
[   23.818318] IPv6: ADDRCONF(NETDEV_UP): wlan0: link is not ready
[   23.818610] IPv6: ADDRCONF(NETDEV_UP): wlan0: link is not ready
[   23.971007] IPv6: ADDRCONF(NETDEV_UP): eth0: link is not ready
[   26.657069] wlan0: authenticate with b0:c5:54:d8:f1:16
[   26.660714] wlan0: send auth to b0:c5:54:d8:f1:16 (try 1/3)
[   26.662145] wlan0: authenticated
[   26.664396] wlan0: associate with b0:c5:54:d8:f1:16 (try 1/3)
[   26.668477] wlan0: RX AssocResp from b0:c5:54:d8:f1:16 (capab=0x431 status=0 aid=1)
[   26.668982] brcmsmac bcma0:0: brcmsmac: brcms_ops_bss_info_changed: associated
[   26.668986] brcmsmac bcma0:0: brcms_ops_bss_info_changed: qos enabled: true (implement)
[   26.668995] wlan0: associated
[   26.669003] IPv6: ADDRCONF(NETDEV_CHANGE): wlan0: link becomes ready
[   32.485975] brcmsmac bcma0:0: brcms_ops_bss_info_changed: arp filtering: 1 addresses (implement)
[   44.087582] postgres (2016): /proc/2016/oom_adj is deprecated, please use /proc/2016/oom_score_adj instead.
[   46.218030] vboxdrv: module verification failed: signature and/or required key missing - tainting kernel
[   46.220757] vboxdrv: Found 4 processor cores.
[   46.220982] vboxdrv: fAsync=0 offMin=0x369 offMax=0x1438
[   46.221043] vboxdrv: TSC mode is 'synchronous', kernel timer mode is 'normal'.
[   46.221045] vboxdrv: Successfully loaded version 4.1.12_Ubuntu (interface 0x00190000).
[   46.268439] vboxpci: IOMMU not found (not registered)
[   48.203431] init: plymouth-stop pre-start process (2171) terminated with status 1
[  185.905817] audit_printk_skb: 132 callbacks suppressed
[  185.905821] type=1400 audit(1412917054.652:71): apparmor="DENIED" operation="open" parent=1 profile="/usr/lib/telepathy/mission-control-5" name="/usr/share/gvfs/remote-volume-monitors/" pid=2553 comm="mission-control" requested_mask="r" denied_mask="r" fsuid=1000 ouid=0
[ 1019.031305] type=1400 audit(1412917886.828:72): apparmor="DENIED" operation="capable" parent=1 profile="/usr/sbin/cupsd" pid=975 comm="cupsd" pid=975 comm="cupsd" capability=36  capname="block_suspend"
[ 2120.646194] test2: module license 'unspecified' taints kernel.
[ 2120.646203] Disabling lock debugging due to kernel taint
[ 2120.646552] Hello, I'm writing test2 
[ 2120.646555] do_init_module: 'test2'->init suspiciously returned 25, it should follow 0/-E convention
[ 2120.646555] do_init_module: loading module anyway...
[ 2120.646558] CPU: 2 PID: 6576 Comm: insmod Tainted: PF          O 3.11.0-26-generic #45~precise1-Ubuntu
[ 2120.646559] Hardware name: Hewlett-Packard HP Pavilion dv6 Notebook PC/181B, BIOS F.06 03/01/2012
[ 2120.646561]  0000000000000019 ffff8801891ffe68 ffffffff8173f07b 0000000000000007
[ 2120.646564]  ffffffffa0411000 ffff8801891ffe88 ffffffff81733571 ffff8801891ffef8
[ 2120.646567]  ffffffffa0411000 ffff8801891ffee8 ffffffff810d2329 ffffffff810cf8a0
[ 2120.646569] Call Trace:
[ 2120.646576]  [<ffffffff8173f07b>] dump_stack+0x46/0x58
[ 2120.646579]  [<ffffffff81733571>] do_init_module+0xf6/0x1d1
[ 2120.646583]  [<ffffffff810d2329>] load_module+0x4d9/0x600
[ 2120.646586]  [<ffffffff810cf8a0>] ? show_initstate+0x50/0x50
[ 2120.646588]  [<ffffffff810d2504>] SyS_init_module+0xb4/0x100
[ 2120.646592]  [<ffffffff81753cdd>] system_call_fastpath+0x1a/0x1f
[ 2700.958368] type=1400 audit(1412919566.832:73): apparmor="DENIED" operation="capable" parent=1 profile="/usr/sbin/cupsd" pid=975 comm="cupsd" pid=975 comm="cupsd" capability=36  capname="block_suspend"
[ 2762.917534] And its done, thanks for your anticipation 
